Archive member included to satisfy reference by file (symbol)

c:/program files (x86)/atmel/studio/7.0/toolchain/avr8/avr8-gnu-toolchain/bin/../lib/gcc/avr/5.4.0/avr5\libgcc.a(_exit.o)
                              C:/Program Files (x86)/Atmel/Studio/7.0/Packs/atmel/ATmega_DFP/1.7.374/gcc/dev/atmega32/avr5/crtatmega32.o (exit)
c:/program files (x86)/atmel/studio/7.0/toolchain/avr8/avr8-gnu-toolchain/bin/../lib/gcc/avr/5.4.0/avr5\libgcc.a(_copy_data.o)
                              DIO_cfg.o (__do_copy_data)
c:/program files (x86)/atmel/studio/7.0/toolchain/avr8/avr8-gnu-toolchain/bin/../lib/gcc/avr/5.4.0/avr5\libgcc.a(_clear_bss.o)
                              MIROWAVE_program.o (__do_clear_bss)

Discarded input sections

 .data          0x00000000        0x0 C:/Program Files (x86)/Atmel/Studio/7.0/Packs/atmel/ATmega_DFP/1.7.374/gcc/dev/atmega32/avr5/crtatmega32.o
 .bss           0x00000000        0x0 C:/Program Files (x86)/Atmel/Studio/7.0/Packs/atmel/ATmega_DFP/1.7.374/gcc/dev/atmega32/avr5/crtatmega32.o
 .text          0x00000000        0x0 DIO.o
 .data          0x00000000        0x0 DIO.o
 .bss           0x00000000        0x0 DIO.o
 .text.DIO_TogglePin
                0x00000000       0x82 DIO.o
 .text.DIO_ReadPort
                0x00000000       0x24 DIO.o
 .text          0x00000000        0x0 DIO_cfg.o
 .data          0x00000000        0x0 DIO_cfg.o
 .bss           0x00000000        0x0 DIO_cfg.o
 .text          0x00000000        0x0 main.o
 .data          0x00000000        0x0 main.o
 .bss           0x00000000        0x0 main.o
 .text          0x00000000        0x0 MIROWAVE_program.o
 .data          0x00000000        0x0 MIROWAVE_program.o
 .bss           0x00000000        0x0 MIROWAVE_program.o
 .text          0x00000000        0x0 MOTOR.o
 .data          0x00000000        0x0 MOTOR.o
 .bss           0x00000000        0x0 MOTOR.o
 .text.MOTOR_Ccw
                0x00000000       0x26 MOTOR.o
 .text          0x00000000        0x0 MOTOR_cfg.o
 .data          0x00000000        0x0 MOTOR_cfg.o
 .bss           0x00000000        0x0 MOTOR_cfg.o
 .text          0x00000000        0x0 SPI.o
 .data          0x00000000        0x0 SPI.o
 .bss           0x00000000        0x0 SPI.o
 .text.SPI_SendReceieve
                0x00000000        0xa SPI.o
 .text.SPI_ReceievePeriodic
                0x00000000       0x16 SPI.o
 .text.SPI_InterruptDisable
                0x00000000        0x8 SPI.o
 .text          0x00000000        0x0 SSD.o
 .data          0x00000000        0x0 SSD.o
 .bss           0x00000000        0x0 SSD.o
 .text          0x00000000        0x0 c:/program files (x86)/atmel/studio/7.0/toolchain/avr8/avr8-gnu-toolchain/bin/../lib/gcc/avr/5.4.0/avr5\libgcc.a(_exit.o)
 .data          0x00000000        0x0 c:/program files (x86)/atmel/studio/7.0/toolchain/avr8/avr8-gnu-toolchain/bin/../lib/gcc/avr/5.4.0/avr5\libgcc.a(_exit.o)
 .bss           0x00000000        0x0 c:/program files (x86)/atmel/studio/7.0/toolchain/avr8/avr8-gnu-toolchain/bin/../lib/gcc/avr/5.4.0/avr5\libgcc.a(_exit.o)
 .text.libgcc.mul
                0x00000000        0x0 c:/program files (x86)/atmel/studio/7.0/toolchain/avr8/avr8-gnu-toolchain/bin/../lib/gcc/avr/5.4.0/avr5\libgcc.a(_exit.o)
 .text.libgcc.div
                0x00000000        0x0 c:/program files (x86)/atmel/studio/7.0/toolchain/avr8/avr8-gnu-toolchain/bin/../lib/gcc/avr/5.4.0/avr5\libgcc.a(_exit.o)
 .text.libgcc   0x00000000        0x0 c:/program files (x86)/atmel/studio/7.0/toolchain/avr8/avr8-gnu-toolchain/bin/../lib/gcc/avr/5.4.0/avr5\libgcc.a(_exit.o)
 .text.libgcc.prologue
                0x00000000        0x0 c:/program files (x86)/atmel/studio/7.0/toolchain/avr8/avr8-gnu-toolchain/bin/../lib/gcc/avr/5.4.0/avr5\libgcc.a(_exit.o)
 .text.libgcc.builtins
                0x00000000        0x0 c:/program files (x86)/atmel/studio/7.0/toolchain/avr8/avr8-gnu-toolchain/bin/../lib/gcc/avr/5.4.0/avr5\libgcc.a(_exit.o)
 .text.libgcc.fmul
                0x00000000        0x0 c:/program files (x86)/atmel/studio/7.0/toolchain/avr8/avr8-gnu-toolchain/bin/../lib/gcc/avr/5.4.0/avr5\libgcc.a(_exit.o)
 .text.libgcc.fixed
                0x00000000        0x0 c:/program files (x86)/atmel/studio/7.0/toolchain/avr8/avr8-gnu-toolchain/bin/../lib/gcc/avr/5.4.0/avr5\libgcc.a(_exit.o)
 .text          0x00000000        0x0 c:/program files (x86)/atmel/studio/7.0/toolchain/avr8/avr8-gnu-toolchain/bin/../lib/gcc/avr/5.4.0/avr5\libgcc.a(_copy_data.o)
 .data          0x00000000        0x0 c:/program files (x86)/atmel/studio/7.0/toolchain/avr8/avr8-gnu-toolchain/bin/../lib/gcc/avr/5.4.0/avr5\libgcc.a(_copy_data.o)
 .bss           0x00000000        0x0 c:/program files (x86)/atmel/studio/7.0/toolchain/avr8/avr8-gnu-toolchain/bin/../lib/gcc/avr/5.4.0/avr5\libgcc.a(_copy_data.o)
 .text.libgcc.mul
                0x00000000        0x0 c:/program files (x86)/atmel/studio/7.0/toolchain/avr8/avr8-gnu-toolchain/bin/../lib/gcc/avr/5.4.0/avr5\libgcc.a(_copy_data.o)
 .text.libgcc.div
                0x00000000        0x0 c:/program files (x86)/atmel/studio/7.0/toolchain/avr8/avr8-gnu-toolchain/bin/../lib/gcc/avr/5.4.0/avr5\libgcc.a(_copy_data.o)
 .text.libgcc   0x00000000        0x0 c:/program files (x86)/atmel/studio/7.0/toolchain/avr8/avr8-gnu-toolchain/bin/../lib/gcc/avr/5.4.0/avr5\libgcc.a(_copy_data.o)
 .text.libgcc.prologue
                0x00000000        0x0 c:/program files (x86)/atmel/studio/7.0/toolchain/avr8/avr8-gnu-toolchain/bin/../lib/gcc/avr/5.4.0/avr5\libgcc.a(_copy_data.o)
 .text.libgcc.builtins
                0x00000000        0x0 c:/program files (x86)/atmel/studio/7.0/toolchain/avr8/avr8-gnu-toolchain/bin/../lib/gcc/avr/5.4.0/avr5\libgcc.a(_copy_data.o)
 .text.libgcc.fmul
                0x00000000        0x0 c:/program files (x86)/atmel/studio/7.0/toolchain/avr8/avr8-gnu-toolchain/bin/../lib/gcc/avr/5.4.0/avr5\libgcc.a(_copy_data.o)
 .text.libgcc.fixed
                0x00000000        0x0 c:/program files (x86)/atmel/studio/7.0/toolchain/avr8/avr8-gnu-toolchain/bin/../lib/gcc/avr/5.4.0/avr5\libgcc.a(_copy_data.o)
 .text          0x00000000        0x0 c:/program files (x86)/atmel/studio/7.0/toolchain/avr8/avr8-gnu-toolchain/bin/../lib/gcc/avr/5.4.0/avr5\libgcc.a(_clear_bss.o)
 .data          0x00000000        0x0 c:/program files (x86)/atmel/studio/7.0/toolchain/avr8/avr8-gnu-toolchain/bin/../lib/gcc/avr/5.4.0/avr5\libgcc.a(_clear_bss.o)
 .bss           0x00000000        0x0 c:/program files (x86)/atmel/studio/7.0/toolchain/avr8/avr8-gnu-toolchain/bin/../lib/gcc/avr/5.4.0/avr5\libgcc.a(_clear_bss.o)
 .text.libgcc.mul
                0x00000000        0x0 c:/program files (x86)/atmel/studio/7.0/toolchain/avr8/avr8-gnu-toolchain/bin/../lib/gcc/avr/5.4.0/avr5\libgcc.a(_clear_bss.o)
 .text.libgcc.div
                0x00000000        0x0 c:/program files (x86)/atmel/studio/7.0/toolchain/avr8/avr8-gnu-toolchain/bin/../lib/gcc/avr/5.4.0/avr5\libgcc.a(_clear_bss.o)
 .text.libgcc   0x00000000        0x0 c:/program files (x86)/atmel/studio/7.0/toolchain/avr8/avr8-gnu-toolchain/bin/../lib/gcc/avr/5.4.0/avr5\libgcc.a(_clear_bss.o)
 .text.libgcc.prologue
                0x00000000        0x0 c:/program files (x86)/atmel/studio/7.0/toolchain/avr8/avr8-gnu-toolchain/bin/../lib/gcc/avr/5.4.0/avr5\libgcc.a(_clear_bss.o)
 .text.libgcc.builtins
                0x00000000        0x0 c:/program files (x86)/atmel/studio/7.0/toolchain/avr8/avr8-gnu-toolchain/bin/../lib/gcc/avr/5.4.0/avr5\libgcc.a(_clear_bss.o)
 .text.libgcc.fmul
                0x00000000        0x0 c:/program files (x86)/atmel/studio/7.0/toolchain/avr8/avr8-gnu-toolchain/bin/../lib/gcc/avr/5.4.0/avr5\libgcc.a(_clear_bss.o)
 .text.libgcc.fixed
                0x00000000        0x0 c:/program files (x86)/atmel/studio/7.0/toolchain/avr8/avr8-gnu-toolchain/bin/../lib/gcc/avr/5.4.0/avr5\libgcc.a(_clear_bss.o)

Memory Configuration

Name             Origin             Length             Attributes
text             0x00000000         0x00008000         xr
data             0x00800060         0x00000800         rw !x
eeprom           0x00810000         0x00000400         rw !x
fuse             0x00820000         0x00000002         rw !x
lock             0x00830000         0x00000400         rw !x
signature        0x00840000         0x00000400         rw !x
user_signatures  0x00850000         0x00000400         rw !x
*default*        0x00000000         0xffffffff

Linker script and memory map

LOAD C:/Program Files (x86)/Atmel/Studio/7.0/Packs/atmel/ATmega_DFP/1.7.374/gcc/dev/atmega32/avr5/crtatmega32.o
LOAD DIO.o
LOAD DIO_cfg.o
LOAD main.o
LOAD MIROWAVE_program.o
LOAD MOTOR.o
LOAD MOTOR_cfg.o
LOAD SPI.o
LOAD SSD.o
START GROUP
LOAD c:/program files (x86)/atmel/studio/7.0/toolchain/avr8/avr8-gnu-toolchain/bin/../lib/gcc/avr/5.4.0/../../../../avr/lib/avr5\libm.a
END GROUP
START GROUP
LOAD c:/program files (x86)/atmel/studio/7.0/toolchain/avr8/avr8-gnu-toolchain/bin/../lib/gcc/avr/5.4.0/avr5\libgcc.a
LOAD c:/program files (x86)/atmel/studio/7.0/toolchain/avr8/avr8-gnu-toolchain/bin/../lib/gcc/avr/5.4.0/../../../../avr/lib/avr5\libm.a
LOAD c:/program files (x86)/atmel/studio/7.0/toolchain/avr8/avr8-gnu-toolchain/bin/../lib/gcc/avr/5.4.0/../../../../avr/lib/avr5\libc.a
LOAD C:/Program Files (x86)/Atmel/Studio/7.0/Packs/atmel/ATmega_DFP/1.7.374/gcc/dev/atmega32/avr5\libatmega32.a
END GROUP
                0x00000000                __TEXT_REGION_ORIGIN__ = DEFINED (__TEXT_REGION_ORIGIN__)?__TEXT_REGION_ORIGIN__:0x0
                [0x00800060]                __DATA_REGION_ORIGIN__ = DEFINED (__DATA_REGION_ORIGIN__)?__DATA_REGION_ORIGIN__:0x800060
                [0x00008000]                __TEXT_REGION_LENGTH__ = DEFINED (__TEXT_REGION_LENGTH__)?__TEXT_REGION_LENGTH__:0x20000
                [0x00000800]                __DATA_REGION_LENGTH__ = DEFINED (__DATA_REGION_LENGTH__)?__DATA_REGION_LENGTH__:0xffa0
                [0x00000400]                __EEPROM_REGION_LENGTH__ = DEFINED (__EEPROM_REGION_LENGTH__)?__EEPROM_REGION_LENGTH__:0x10000
                [0x00000002]                __FUSE_REGION_LENGTH__ = DEFINED (__FUSE_REGION_LENGTH__)?__FUSE_REGION_LENGTH__:0x400
                0x00000400                __LOCK_REGION_LENGTH__ = DEFINED (__LOCK_REGION_LENGTH__)?__LOCK_REGION_LENGTH__:0x400
                0x00000400                __SIGNATURE_REGION_LENGTH__ = DEFINED (__SIGNATURE_REGION_LENGTH__)?__SIGNATURE_REGION_LENGTH__:0x400
                0x00000400                __USER_SIGNATURE_REGION_LENGTH__ = DEFINED (__USER_SIGNATURE_REGION_LENGTH__)?__USER_SIGNATURE_REGION_LENGTH__:0x400

.hash
 *(.hash)

.dynsym
 *(.dynsym)

.dynstr
 *(.dynstr)

.gnu.version
 *(.gnu.version)

.gnu.version_d
 *(.gnu.version_d)

.gnu.version_r
 *(.gnu.version_r)

.rel.init
 *(.rel.init)

.rela.init
 *(.rela.init)

.rel.text
 *(.rel.text)
 *(.rel.text.*)
 *(.rel.gnu.linkonce.t*)

.rela.text
 *(.rela.text)
 *(.rela.text.*)
 *(.rela.gnu.linkonce.t*)

.rel.fini
 *(.rel.fini)

.rela.fini
 *(.rela.fini)

.rel.rodata
 *(.rel.rodata)
 *(.rel.rodata.*)
 *(.rel.gnu.linkonce.r*)

.rela.rodata
 *(.rela.rodata)
 *(.rela.rodata.*)
 *(.rela.gnu.linkonce.r*)

.rel.data
 *(.rel.data)
 *(.rel.data.*)
 *(.rel.gnu.linkonce.d*)

.rela.data
 *(.rela.data)
 *(.rela.data.*)
 *(.rela.gnu.linkonce.d*)

.rel.ctors
 *(.rel.ctors)

.rela.ctors
 *(.rela.ctors)

.rel.dtors
 *(.rel.dtors)

.rela.dtors
 *(.rela.dtors)

.rel.got
 *(.rel.got)

.rela.got
 *(.rela.got)

.rel.bss
 *(.rel.bss)

.rela.bss
 *(.rela.bss)

.rel.plt
 *(.rel.plt)

.rela.plt
 *(.rela.plt)

.text           0x00000000      0x892
 *(.vectors)
 .vectors       0x00000000       0x54 C:/Program Files (x86)/Atmel/Studio/7.0/Packs/atmel/ATmega_DFP/1.7.374/gcc/dev/atmega32/avr5/crtatmega32.o
                0x00000000                __vector_default
                0x00000000                __vectors
 *(.vectors)
 *(.progmem.gcc*)
                0x00000054                . = ALIGN (0x2)
                0x00000054                __trampolines_start = .
 *(.trampolines)
 .trampolines   0x00000054        0x0 linker stubs
 *(.trampolines*)
                0x00000054                __trampolines_end = .
 *libprintf_flt.a:*(.progmem.data)
 *libc.a:*(.progmem.data)
 *(.progmem*)
                0x00000054                . = ALIGN (0x2)
 *(.jumptables)
 *(.jumptables*)
 *(.lowtext)
 *(.lowtext*)
                0x00000054                __ctors_start = .
 *(.ctors)
                0x00000054                __ctors_end = .
                0x00000054                __dtors_start = .
 *(.dtors)
                0x00000054                __dtors_end = .
 SORT(*)(.ctors)
 SORT(*)(.dtors)
 *(.init0)
 .init0         0x00000054        0x0 C:/Program Files (x86)/Atmel/Studio/7.0/Packs/atmel/ATmega_DFP/1.7.374/gcc/dev/atmega32/avr5/crtatmega32.o
                0x00000054                __init
 *(.init0)
 *(.init1)
 *(.init1)
 *(.init2)
 .init2         0x00000054        0xc C:/Program Files (x86)/Atmel/Studio/7.0/Packs/atmel/ATmega_DFP/1.7.374/gcc/dev/atmega32/avr5/crtatmega32.o
 *(.init2)
 *(.init3)
 *(.init3)
 *(.init4)
 .init4         0x00000060       0x16 c:/program files (x86)/atmel/studio/7.0/toolchain/avr8/avr8-gnu-toolchain/bin/../lib/gcc/avr/5.4.0/avr5\libgcc.a(_copy_data.o)
                0x00000060                __do_copy_data
 .init4         0x00000076       0x10 c:/program files (x86)/atmel/studio/7.0/toolchain/avr8/avr8-gnu-toolchain/bin/../lib/gcc/avr/5.4.0/avr5\libgcc.a(_clear_bss.o)
                0x00000076                __do_clear_bss
 *(.init4)
 *(.init5)
 *(.init5)
 *(.init6)
 *(.init6)
 *(.init7)
 *(.init7)
 *(.init8)
 *(.init8)
 *(.init9)
 .init9         0x00000086        0x8 C:/Program Files (x86)/Atmel/Studio/7.0/Packs/atmel/ATmega_DFP/1.7.374/gcc/dev/atmega32/avr5/crtatmega32.o
 *(.init9)
 *(.text)
 .text          0x0000008e        0x4 C:/Program Files (x86)/Atmel/Studio/7.0/Packs/atmel/ATmega_DFP/1.7.374/gcc/dev/atmega32/avr5/crtatmega32.o
                0x0000008e                __vector_1
                0x0000008e                __bad_interrupt
                0x0000008e                __vector_6
                0x0000008e                __vector_3
                0x0000008e                __vector_11
                0x0000008e                __vector_13
                0x0000008e                __vector_17
                0x0000008e                __vector_19
                0x0000008e                __vector_7
                0x0000008e                __vector_5
                0x0000008e                __vector_4
                0x0000008e                __vector_9
                0x0000008e                __vector_2
                0x0000008e                __vector_15
                0x0000008e                __vector_8
                0x0000008e                __vector_14
                0x0000008e                __vector_10
                0x0000008e                __vector_16
                0x0000008e                __vector_18
                0x0000008e                __vector_20
                0x00000092                . = ALIGN (0x2)
 *(.text.*)
 .text.DIO_InitPin
                0x00000092      0x1ea DIO.o
 .text.DIO_WritePin
                0x0000027c      0x10a DIO.o
                0x0000027c                DIO_WritePin
 .text.DIO_ReadPin
                0x00000386       0x70 DIO.o
                0x00000386                DIO_ReadPin
 .text.DIO_WritePort
                0x000003f6       0x20 DIO.o
                0x000003f6                DIO_WritePort
 .text.DIO_Init
                0x00000416       0x20 DIO.o
                0x00000416                DIO_Init
 .text.main     0x00000436        0xa main.o
                0x00000436                main
 .text.MICROWAVE_voidInit
                0x00000440       0x1c MIROWAVE_program.o
                0x00000440                MICROWAVE_voidInit
 .text.MoveData
                0x0000045c       0x26 MIROWAVE_program.o
                0x0000045c                MoveData
 .text.MICCROWAVE_voidRecieveInt
                0x00000482       0x48 MIROWAVE_program.o
                0x00000482                MICCROWAVE_voidRecieveInt
 .text.MICROWAVE_voidRunnable
                0x000004ca      0x1ac MIROWAVE_program.o
                0x000004ca                MICROWAVE_voidRunnable
 .text.MOTOR_Init
                0x00000676        0x2 MOTOR.o
                0x00000676                MOTOR_Init
 .text.MOTOR_Stop
                0x00000678       0x26 MOTOR.o
                0x00000678                MOTOR_Stop
 .text.MOTOR_Cw
                0x0000069e       0x26 MOTOR.o
                0x0000069e                MOTOR_Cw
 .text.SPI_Init
                0x000006c4        0xe SPI.o
                0x000006c4                SPI_Init
 .text.SPI_SendNoBlock
                0x000006d2        0x4 SPI.o
                0x000006d2                SPI_SendNoBlock
 .text.SPI_ReceieveNoBlock
                0x000006d6        0x4 SPI.o
                0x000006d6                SPI_ReceieveNoBlock
 .text.SPI_InterruptEnable
                0x000006da        0x8 SPI.o
                0x000006da                SPI_InterruptEnable
 .text.SPI_SetCallBack
                0x000006e2        0xa SPI.o
                0x000006e2                SPI_SetCallBack
 .text.__vector_12
                0x000006ec       0x52 SPI.o
                0x000006ec                __vector_12
 .text.SSD_voidDisplay
                0x0000073e      0x150 SSD.o
                0x0000073e                SSD_voidDisplay
                0x0000088e                . = ALIGN (0x2)
 *(.fini9)
 .fini9         0x0000088e        0x0 c:/program files (x86)/atmel/studio/7.0/toolchain/avr8/avr8-gnu-toolchain/bin/../lib/gcc/avr/5.4.0/avr5\libgcc.a(_exit.o)
                0x0000088e                _exit
                0x0000088e                exit
 *(.fini9)
 *(.fini8)
 *(.fini8)
 *(.fini7)
 *(.fini7)
 *(.fini6)
 *(.fini6)
 *(.fini5)
 *(.fini5)
 *(.fini4)
 *(.fini4)
 *(.fini3)
 *(.fini3)
 *(.fini2)
 *(.fini2)
 *(.fini1)
 *(.fini1)
 *(.fini0)
 .fini0         0x0000088e        0x4 c:/program files (x86)/atmel/studio/7.0/toolchain/avr8/avr8-gnu-toolchain/bin/../lib/gcc/avr/5.4.0/avr5\libgcc.a(_exit.o)
 *(.fini0)
                0x00000892                _etext = .

.data           0x00800060       0x38 load address 0x00000892
                0x00800060                PROVIDE (__data_start, .)
 *(.data)
 *(.data*)
 .data.MW_u8StopFlag
                0x00800060        0x1 MIROWAVE_program.o
 *(.gnu.linkonce.d*)
 *(.rodata)
 *(.rodata*)
 .rodata.PinStatusArray
                0x00800061       0x20 DIO_cfg.o
                0x00800061                PinStatusArray
 .rodata.MotorPinsArray
                0x00800081        0x2 MOTOR_cfg.o
                0x00800081                MotorPinsArray
 .rodata.arr    0x00800083       0x14 SSD.o
 *(.gnu.linkonce.r*)
                0x00800098                . = ALIGN (0x2)
 *fill*         0x00800097        0x1 
                0x00800098                _edata = .
                0x00800098                PROVIDE (__data_end, .)

.bss            0x00800098        0x9
                0x00800098                PROVIDE (__bss_start, .)
 *(.bss)
 *(.bss*)
 .bss.counter.1850
                0x00800098        0x1 MIROWAVE_program.o
 .bss.rec_Frame
                0x00800099        0x3 MIROWAVE_program.o
 .bss.MW_Min_Sec
                0x0080009c        0x2 MIROWAVE_program.o
 .bss.MW_u8State
                0x0080009e        0x1 MIROWAVE_program.o
 .bss.SPI_Fptr  0x0080009f        0x2 SPI.o
 *(COMMON)
                0x008000a1                PROVIDE (__bss_end, .)
                0x00000892                __data_load_start = LOADADDR (.data)
                0x000008ca                __data_load_end = (__data_load_start + SIZEOF (.data))

.noinit         0x008000a1        0x0
                [!provide]                PROVIDE (__noinit_start, .)
 *(.noinit*)
                [!provide]                PROVIDE (__noinit_end, .)
                0x008000a1                _end = .
                [!provide]                PROVIDE (__heap_start, .)

.eeprom         0x00810000        0x0
 *(.eeprom*)
                0x00810000                __eeprom_end = .

.fuse
 *(.fuse)
 *(.lfuse)
 *(.hfuse)
 *(.efuse)

.lock
 *(.lock*)

.signature
 *(.signature*)

.user_signatures
 *(.user_signatures*)

.stab
 *(.stab)

.stabstr
 *(.stabstr)

.stab.excl
 *(.stab.excl)

.stab.exclstr
 *(.stab.exclstr)

.stab.index
 *(.stab.index)

.stab.indexstr
 *(.stab.indexstr)

.comment        0x00000000       0x30
 *(.comment)
 .comment       0x00000000       0x30 DIO.o
                                 0x31 (size before relaxing)
 .comment       0x00000030       0x31 DIO_cfg.o
 .comment       0x00000030       0x31 main.o
 .comment       0x00000030       0x31 MIROWAVE_program.o
 .comment       0x00000030       0x31 MOTOR.o
 .comment       0x00000030       0x31 MOTOR_cfg.o
 .comment       0x00000030       0x31 SPI.o
 .comment       0x00000030       0x31 SSD.o

.note.gnu.avr.deviceinfo
                0x00000000       0x3c
 .note.gnu.avr.deviceinfo
                0x00000000       0x3c C:/Program Files (x86)/Atmel/Studio/7.0/Packs/atmel/ATmega_DFP/1.7.374/gcc/dev/atmega32/avr5/crtatmega32.o

.note.gnu.build-id
 *(.note.gnu.build-id)

.debug
 *(.debug)

.line
 *(.line)

.debug_srcinfo
 *(.debug_srcinfo)

.debug_sfnames
 *(.debug_sfnames)

.debug_aranges  0x00000000      0x190
 *(.debug_aranges)
 .debug_aranges
                0x00000000       0x50 DIO.o
 .debug_aranges
                0x00000050       0x18 DIO_cfg.o
 .debug_aranges
                0x00000068       0x20 main.o
 .debug_aranges
                0x00000088       0x38 MIROWAVE_program.o
 .debug_aranges
                0x000000c0       0x38 MOTOR.o
 .debug_aranges
                0x000000f8       0x18 MOTOR_cfg.o
 .debug_aranges
                0x00000110       0x60 SPI.o
 .debug_aranges
                0x00000170       0x20 SSD.o

.debug_pubnames
 *(.debug_pubnames)

.debug_info     0x00000000     0x1baa
 *(.debug_info .gnu.linkonce.wi.*)
 .debug_info    0x00000000      0x4e6 C:/Program Files (x86)/Atmel/Studio/7.0/Packs/atmel/ATmega_DFP/1.7.374/gcc/dev/atmega32/avr5/crtatmega32.o
 .debug_info    0x000004e6      0x3d8 DIO.o
 .debug_info    0x000008be      0x186 DIO_cfg.o
 .debug_info    0x00000a44       0x7d main.o
 .debug_info    0x00000ac1      0x5e5 MIROWAVE_program.o
 .debug_info    0x000010a6      0x2f9 MOTOR.o
 .debug_info    0x0000139f      0x16d MOTOR_cfg.o
 .debug_info    0x0000150c      0x1ae SPI.o
 .debug_info    0x000016ba      0x4f0 SSD.o

.debug_abbrev   0x00000000      0xc58
 *(.debug_abbrev)
 .debug_abbrev  0x00000000      0x4a3 C:/Program Files (x86)/Atmel/Studio/7.0/Packs/atmel/ATmega_DFP/1.7.374/gcc/dev/atmega32/avr5/crtatmega32.o
 .debug_abbrev  0x000004a3      0x166 DIO.o
 .debug_abbrev  0x00000609       0x75 DIO_cfg.o
 .debug_abbrev  0x0000067e       0x5d main.o
 .debug_abbrev  0x000006db      0x1b4 MIROWAVE_program.o
 .debug_abbrev  0x0000088f       0xf9 MOTOR.o
 .debug_abbrev  0x00000988       0x75 MOTOR_cfg.o
 .debug_abbrev  0x000009fd       0xf6 SPI.o
 .debug_abbrev  0x00000af3      0x165 SSD.o

.debug_line     0x00000000      0xca7
 *(.debug_line .debug_line.* .debug_line_end)
 .debug_line    0x00000000      0x116 C:/Program Files (x86)/Atmel/Studio/7.0/Packs/atmel/ATmega_DFP/1.7.374/gcc/dev/atmega32/avr5/crtatmega32.o
 .debug_line    0x00000116      0x36a DIO.o
 .debug_line    0x00000480       0x3f DIO_cfg.o
 .debug_line    0x000004bf       0x60 main.o
 .debug_line    0x0000051f      0x35d MIROWAVE_program.o
 .debug_line    0x0000087c       0xe1 MOTOR.o
 .debug_line    0x0000095d       0x41 MOTOR_cfg.o
 .debug_line    0x0000099e      0x13c SPI.o
 .debug_line    0x00000ada      0x1cd SSD.o

.debug_frame    0x00000000      0x2dc
 *(.debug_frame)
 .debug_frame   0x00000000       0x8c DIO.o
 .debug_frame   0x0000008c       0x24 main.o
 .debug_frame   0x000000b0       0x90 MIROWAVE_program.o
 .debug_frame   0x00000140       0x78 MOTOR.o
 .debug_frame   0x000001b8       0xec SPI.o
 .debug_frame   0x000002a4       0x38 SSD.o

.debug_str      0x00000000      0x6ac
 *(.debug_str)
 .debug_str     0x00000000      0x196 C:/Program Files (x86)/Atmel/Studio/7.0/Packs/atmel/ATmega_DFP/1.7.374/gcc/dev/atmega32/avr5/crtatmega32.o
 .debug_str     0x00000196      0x2b7 DIO.o
                                0x2eb (size before relaxing)
 .debug_str     0x0000044d       0x18 DIO_cfg.o
                                0x24e (size before relaxing)
 .debug_str     0x00000465       0x3b main.o
                                0x108 (size before relaxing)
 .debug_str     0x000004a0      0x149 MIROWAVE_program.o
                                0x3a2 (size before relaxing)
 .debug_str     0x000005e9       0x37 MOTOR.o
                                0x28a (size before relaxing)
 .debug_str     0x00000620       0x11 MOTOR_cfg.o
                                0x235 (size before relaxing)
 .debug_str     0x00000631       0x6b SPI.o
                                0x1f5 (size before relaxing)
 .debug_str     0x0000069c       0x10 SSD.o
                                0x293 (size before relaxing)

.debug_loc      0x00000000      0xd3d
 *(.debug_loc)
 .debug_loc     0x00000000      0x7ad DIO.o
 .debug_loc     0x000007ad      0x1d5 MIROWAVE_program.o
 .debug_loc     0x00000982       0xf0 MOTOR.o
 .debug_loc     0x00000a72      0x112 SPI.o
 .debug_loc     0x00000b84      0x1b9 SSD.o

.debug_macinfo
 *(.debug_macinfo)

.debug_weaknames
 *(.debug_weaknames)

.debug_funcnames
 *(.debug_funcnames)

.debug_typenames
 *(.debug_typenames)

.debug_varnames
 *(.debug_varnames)

.debug_pubtypes
 *(.debug_pubtypes)

.debug_ranges   0x00000000      0x100
 *(.debug_ranges)
 .debug_ranges  0x00000000       0x40 DIO.o
 .debug_ranges  0x00000040       0x10 main.o
 .debug_ranges  0x00000050       0x28 MIROWAVE_program.o
 .debug_ranges  0x00000078       0x28 MOTOR.o
 .debug_ranges  0x000000a0       0x50 SPI.o
 .debug_ranges  0x000000f0       0x10 SSD.o

.debug_macro
 *(.debug_macro)
OUTPUT(MicrowaveNode.elf elf32-avr)
LOAD linker stubs
