Archive member included to satisfy reference by file (symbol)

c:/program files (x86)/atmel/studio/7.0/toolchain/avr8/avr8-gnu-toolchain/bin/../lib/gcc/avr/5.4.0/avr5\libgcc.a(_udivmodsi4.o)
                              SERVO.o (__udivmodsi4)
c:/program files (x86)/atmel/studio/7.0/toolchain/avr8/avr8-gnu-toolchain/bin/../lib/gcc/avr/5.4.0/avr5\libgcc.a(_exit.o)
                              C:/Program Files (x86)/Atmel/Studio/7.0/Packs/atmel/ATmega_DFP/1.7.374/gcc/dev/atmega32/avr5/crtatmega32.o (exit)
c:/program files (x86)/atmel/studio/7.0/toolchain/avr8/avr8-gnu-toolchain/bin/../lib/gcc/avr/5.4.0/avr5\libgcc.a(_copy_data.o)
                              DIO_cfg.o (__do_copy_data)
c:/program files (x86)/atmel/studio/7.0/toolchain/avr8/avr8-gnu-toolchain/bin/../lib/gcc/avr/5.4.0/avr5\libgcc.a(_clear_bss.o)
                              SPI.o (__do_clear_bss)
c:/program files (x86)/atmel/studio/7.0/toolchain/avr8/avr8-gnu-toolchain/bin/../lib/gcc/avr/5.4.0/avr5\libgcc.a(_umulhisi3.o)
                              SERVO.o (__umulhisi3)

Allocating common symbols
Common symbol       size              file

WM_u8Mode           0x2               WASHINGMACHINE_program.o

Discarded input sections

 .data          0x00000000        0x0 C:/Program Files (x86)/Atmel/Studio/7.0/Packs/atmel/ATmega_DFP/1.7.374/gcc/dev/atmega32/avr5/crtatmega32.o
 .bss           0x00000000        0x0 C:/Program Files (x86)/Atmel/Studio/7.0/Packs/atmel/ATmega_DFP/1.7.374/gcc/dev/atmega32/avr5/crtatmega32.o
 .text          0x00000000        0x0 DIO.o
 .data          0x00000000        0x0 DIO.o
 .bss           0x00000000        0x0 DIO.o
 .text.DIO_ReadPin
                0x00000000       0x70 DIO.o
 .text.DIO_TogglePin
                0x00000000       0x82 DIO.o
 .text.DIO_ReadPort
                0x00000000       0x24 DIO.o
 .text          0x00000000        0x0 DIO_cfg.o
 .data          0x00000000        0x0 DIO_cfg.o
 .bss           0x00000000        0x0 DIO_cfg.o
 .text          0x00000000        0x0 main.o
 .data          0x00000000        0x0 main.o
 .bss           0x00000000        0x0 main.o
 .text          0x00000000        0x0 MOTOR.o
 .data          0x00000000        0x0 MOTOR.o
 .bss           0x00000000        0x0 MOTOR.o
 .text.MOTOR_Init
                0x00000000        0x2 MOTOR.o
 .text.MOTOR_Ccw
                0x00000000       0x26 MOTOR.o
 .text          0x00000000        0x0 MOTOR_cfg.o
 .data          0x00000000        0x0 MOTOR_cfg.o
 .bss           0x00000000        0x0 MOTOR_cfg.o
 .text          0x00000000        0x0 SERVO.o
 .data          0x00000000        0x0 SERVO.o
 .bss           0x00000000        0x0 SERVO.o
 .text          0x00000000        0x0 SPI.o
 .data          0x00000000        0x0 SPI.o
 .bss           0x00000000        0x0 SPI.o
 .text.SPI_SendReceieve
                0x00000000        0xa SPI.o
 .text.SPI_ReceievePeriodic
                0x00000000       0x16 SPI.o
 .text.SPI_InterruptDisable
                0x00000000        0x8 SPI.o
 .text          0x00000000        0x0 SSD.o
 .data          0x00000000        0x0 SSD.o
 .bss           0x00000000        0x0 SSD.o
 .text          0x00000000        0x0 Timers.o
 .data          0x00000000        0x0 Timers.o
 .bss           0x00000000        0x0 Timers.o
 .text.TIMER0_Init
                0x00000000       0x54 Timers.o
 .text.TIMER0_OC0Mode
                0x00000000       0x48 Timers.o
 .text.TIMER0_OV_InterruptEnable
                0x00000000        0x8 Timers.o
 .text.TIMER0_OV_InterruptDisable
                0x00000000        0x8 Timers.o
 .text.TIMER0_OC_InterruptEnable
                0x00000000        0x8 Timers.o
 .text.TIMER0_OC_InterruptDisable
                0x00000000        0x8 Timers.o
 .text.Timer1_OCRA1Mode
                0x00000000       0x48 Timers.o
 .text.Timer1_InputCaptureEdge
                0x00000000       0x18 Timers.o
 .text.Timer1_ICU_InterruptEnable
                0x00000000        0x8 Timers.o
 .text.Timer1_ICU_InterruptDisable
                0x00000000        0x8 Timers.o
 .text.Timer1_OVF_InterruptEnable
                0x00000000        0x8 Timers.o
 .text.Timer1_OVF_InterruptDisable
                0x00000000        0x8 Timers.o
 .text.Timer1_OCA_InterruptEnable
                0x00000000        0x8 Timers.o
 .text.Timer1_OCA_InterruptDisable
                0x00000000        0x8 Timers.o
 .text.Timer1_OCB_InterruptEnable
                0x00000000        0x8 Timers.o
 .text.Timer1_OCB_InterruptDisable
                0x00000000        0x8 Timers.o
 .text.Timer1_OVF_SetCallBack
                0x00000000        0xa Timers.o
 .text.Timer1_OCA_SetCallBack
                0x00000000        0xa Timers.o
 .text.Timer1_OCB_SetCallBack
                0x00000000        0xa Timers.o
 .text.Timer1_ICU_SetCallBack
                0x00000000        0xa Timers.o
 .text          0x00000000        0x0 WASHINGMACHINE_program.o
 .data          0x00000000        0x0 WASHINGMACHINE_program.o
 .bss           0x00000000        0x0 WASHINGMACHINE_program.o
 .text          0x00000000        0x0 c:/program files (x86)/atmel/studio/7.0/toolchain/avr8/avr8-gnu-toolchain/bin/../lib/gcc/avr/5.4.0/avr5\libgcc.a(_udivmodsi4.o)
 .data          0x00000000        0x0 c:/program files (x86)/atmel/studio/7.0/toolchain/avr8/avr8-gnu-toolchain/bin/../lib/gcc/avr/5.4.0/avr5\libgcc.a(_udivmodsi4.o)
 .bss           0x00000000        0x0 c:/program files (x86)/atmel/studio/7.0/toolchain/avr8/avr8-gnu-toolchain/bin/../lib/gcc/avr/5.4.0/avr5\libgcc.a(_udivmodsi4.o)
 .text.libgcc.mul
                0x00000000        0x0 c:/program files (x86)/atmel/studio/7.0/toolchain/avr8/avr8-gnu-toolchain/bin/../lib/gcc/avr/5.4.0/avr5\libgcc.a(_udivmodsi4.o)
 .text.libgcc   0x00000000        0x0 c:/program files (x86)/atmel/studio/7.0/toolchain/avr8/avr8-gnu-toolchain/bin/../lib/gcc/avr/5.4.0/avr5\libgcc.a(_udivmodsi4.o)
 .text.libgcc.prologue
                0x00000000        0x0 c:/program files (x86)/atmel/studio/7.0/toolchain/avr8/avr8-gnu-toolchain/bin/../lib/gcc/avr/5.4.0/avr5\libgcc.a(_udivmodsi4.o)
 .text.libgcc.builtins
                0x00000000        0x0 c:/program files (x86)/atmel/studio/7.0/toolchain/avr8/avr8-gnu-toolchain/bin/../lib/gcc/avr/5.4.0/avr5\libgcc.a(_udivmodsi4.o)
 .text.libgcc.fmul
                0x00000000        0x0 c:/program files (x86)/atmel/studio/7.0/toolchain/avr8/avr8-gnu-toolchain/bin/../lib/gcc/avr/5.4.0/avr5\libgcc.a(_udivmodsi4.o)
 .text.libgcc.fixed
                0x00000000        0x0 c:/program files (x86)/atmel/studio/7.0/toolchain/avr8/avr8-gnu-toolchain/bin/../lib/gcc/avr/5.4.0/avr5\libgcc.a(_udivmodsi4.o)
 .text          0x00000000        0x0 c:/program files (x86)/atmel/studio/7.0/toolchain/avr8/avr8-gnu-toolchain/bin/../lib/gcc/avr/5.4.0/avr5\libgcc.a(_exit.o)
 .data          0x00000000        0x0 c:/program files (x86)/atmel/studio/7.0/toolchain/avr8/avr8-gnu-toolchain/bin/../lib/gcc/avr/5.4.0/avr5\libgcc.a(_exit.o)
 .bss           0x00000000        0x0 c:/program files (x86)/atmel/studio/7.0/toolchain/avr8/avr8-gnu-toolchain/bin/../lib/gcc/avr/5.4.0/avr5\libgcc.a(_exit.o)
 .text.libgcc.mul
                0x00000000        0x0 c:/program files (x86)/atmel/studio/7.0/toolchain/avr8/avr8-gnu-toolchain/bin/../lib/gcc/avr/5.4.0/avr5\libgcc.a(_exit.o)
 .text.libgcc.div
                0x00000000        0x0 c:/program files (x86)/atmel/studio/7.0/toolchain/avr8/avr8-gnu-toolchain/bin/../lib/gcc/avr/5.4.0/avr5\libgcc.a(_exit.o)
 .text.libgcc   0x00000000        0x0 c:/program files (x86)/atmel/studio/7.0/toolchain/avr8/avr8-gnu-toolchain/bin/../lib/gcc/avr/5.4.0/avr5\libgcc.a(_exit.o)
 .text.libgcc.prologue
                0x00000000        0x0 c:/program files (x86)/atmel/studio/7.0/toolchain/avr8/avr8-gnu-toolchain/bin/../lib/gcc/avr/5.4.0/avr5\libgcc.a(_exit.o)
 .text.libgcc.builtins
                0x00000000        0x0 c:/program files (x86)/atmel/studio/7.0/toolchain/avr8/avr8-gnu-toolchain/bin/../lib/gcc/avr/5.4.0/avr5\libgcc.a(_exit.o)
 .text.libgcc.fmul
                0x00000000        0x0 c:/program files (x86)/atmel/studio/7.0/toolchain/avr8/avr8-gnu-toolchain/bin/../lib/gcc/avr/5.4.0/avr5\libgcc.a(_exit.o)
 .text.libgcc.fixed
                0x00000000        0x0 c:/program files (x86)/atmel/studio/7.0/toolchain/avr8/avr8-gnu-toolchain/bin/../lib/gcc/avr/5.4.0/avr5\libgcc.a(_exit.o)
 .text          0x00000000        0x0 c:/program files (x86)/atmel/studio/7.0/toolchain/avr8/avr8-gnu-toolchain/bin/../lib/gcc/avr/5.4.0/avr5\libgcc.a(_copy_data.o)
 .data          0x00000000        0x0 c:/program files (x86)/atmel/studio/7.0/toolchain/avr8/avr8-gnu-toolchain/bin/../lib/gcc/avr/5.4.0/avr5\libgcc.a(_copy_data.o)
 .bss           0x00000000        0x0 c:/program files (x86)/atmel/studio/7.0/toolchain/avr8/avr8-gnu-toolchain/bin/../lib/gcc/avr/5.4.0/avr5\libgcc.a(_copy_data.o)
 .text.libgcc.mul
                0x00000000        0x0 c:/program files (x86)/atmel/studio/7.0/toolchain/avr8/avr8-gnu-toolchain/bin/../lib/gcc/avr/5.4.0/avr5\libgcc.a(_copy_data.o)
 .text.libgcc.div
                0x00000000        0x0 c:/program files (x86)/atmel/studio/7.0/toolchain/avr8/avr8-gnu-toolchain/bin/../lib/gcc/avr/5.4.0/avr5\libgcc.a(_copy_data.o)
 .text.libgcc   0x00000000        0x0 c:/program files (x86)/atmel/studio/7.0/toolchain/avr8/avr8-gnu-toolchain/bin/../lib/gcc/avr/5.4.0/avr5\libgcc.a(_copy_data.o)
 .text.libgcc.prologue
                0x00000000        0x0 c:/program files (x86)/atmel/studio/7.0/toolchain/avr8/avr8-gnu-toolchain/bin/../lib/gcc/avr/5.4.0/avr5\libgcc.a(_copy_data.o)
 .text.libgcc.builtins
                0x00000000        0x0 c:/program files (x86)/atmel/studio/7.0/toolchain/avr8/avr8-gnu-toolchain/bin/../lib/gcc/avr/5.4.0/avr5\libgcc.a(_copy_data.o)
 .text.libgcc.fmul
                0x00000000        0x0 c:/program files (x86)/atmel/studio/7.0/toolchain/avr8/avr8-gnu-toolchain/bin/../lib/gcc/avr/5.4.0/avr5\libgcc.a(_copy_data.o)
 .text.libgcc.fixed
                0x00000000        0x0 c:/program files (x86)/atmel/studio/7.0/toolchain/avr8/avr8-gnu-toolchain/bin/../lib/gcc/avr/5.4.0/avr5\libgcc.a(_copy_data.o)
 .text          0x00000000        0x0 c:/program files (x86)/atmel/studio/7.0/toolchain/avr8/avr8-gnu-toolchain/bin/../lib/gcc/avr/5.4.0/avr5\libgcc.a(_clear_bss.o)
 .data          0x00000000        0x0 c:/program files (x86)/atmel/studio/7.0/toolchain/avr8/avr8-gnu-toolchain/bin/../lib/gcc/avr/5.4.0/avr5\libgcc.a(_clear_bss.o)
 .bss           0x00000000        0x0 c:/program files (x86)/atmel/studio/7.0/toolchain/avr8/avr8-gnu-toolchain/bin/../lib/gcc/avr/5.4.0/avr5\libgcc.a(_clear_bss.o)
 .text.libgcc.mul
                0x00000000        0x0 c:/program files (x86)/atmel/studio/7.0/toolchain/avr8/avr8-gnu-toolchain/bin/../lib/gcc/avr/5.4.0/avr5\libgcc.a(_clear_bss.o)
 .text.libgcc.div
                0x00000000        0x0 c:/program files (x86)/atmel/studio/7.0/toolchain/avr8/avr8-gnu-toolchain/bin/../lib/gcc/avr/5.4.0/avr5\libgcc.a(_clear_bss.o)
 .text.libgcc   0x00000000        0x0 c:/program files (x86)/atmel/studio/7.0/toolchain/avr8/avr8-gnu-toolchain/bin/../lib/gcc/avr/5.4.0/avr5\libgcc.a(_clear_bss.o)
 .text.libgcc.prologue
                0x00000000        0x0 c:/program files (x86)/atmel/studio/7.0/toolchain/avr8/avr8-gnu-toolchain/bin/../lib/gcc/avr/5.4.0/avr5\libgcc.a(_clear_bss.o)
 .text.libgcc.builtins
                0x00000000        0x0 c:/program files (x86)/atmel/studio/7.0/toolchain/avr8/avr8-gnu-toolchain/bin/../lib/gcc/avr/5.4.0/avr5\libgcc.a(_clear_bss.o)
 .text.libgcc.fmul
                0x00000000        0x0 c:/program files (x86)/atmel/studio/7.0/toolchain/avr8/avr8-gnu-toolchain/bin/../lib/gcc/avr/5.4.0/avr5\libgcc.a(_clear_bss.o)
 .text.libgcc.fixed
                0x00000000        0x0 c:/program files (x86)/atmel/studio/7.0/toolchain/avr8/avr8-gnu-toolchain/bin/../lib/gcc/avr/5.4.0/avr5\libgcc.a(_clear_bss.o)
 .text          0x00000000        0x0 c:/program files (x86)/atmel/studio/7.0/toolchain/avr8/avr8-gnu-toolchain/bin/../lib/gcc/avr/5.4.0/avr5\libgcc.a(_umulhisi3.o)
 .data          0x00000000        0x0 c:/program files (x86)/atmel/studio/7.0/toolchain/avr8/avr8-gnu-toolchain/bin/../lib/gcc/avr/5.4.0/avr5\libgcc.a(_umulhisi3.o)
 .bss           0x00000000        0x0 c:/program files (x86)/atmel/studio/7.0/toolchain/avr8/avr8-gnu-toolchain/bin/../lib/gcc/avr/5.4.0/avr5\libgcc.a(_umulhisi3.o)
 .text.libgcc.div
                0x00000000        0x0 c:/program files (x86)/atmel/studio/7.0/toolchain/avr8/avr8-gnu-toolchain/bin/../lib/gcc/avr/5.4.0/avr5\libgcc.a(_umulhisi3.o)
 .text.libgcc   0x00000000        0x0 c:/program files (x86)/atmel/studio/7.0/toolchain/avr8/avr8-gnu-toolchain/bin/../lib/gcc/avr/5.4.0/avr5\libgcc.a(_umulhisi3.o)
 .text.libgcc.prologue
                0x00000000        0x0 c:/program files (x86)/atmel/studio/7.0/toolchain/avr8/avr8-gnu-toolchain/bin/../lib/gcc/avr/5.4.0/avr5\libgcc.a(_umulhisi3.o)
 .text.libgcc.builtins
                0x00000000        0x0 c:/program files (x86)/atmel/studio/7.0/toolchain/avr8/avr8-gnu-toolchain/bin/../lib/gcc/avr/5.4.0/avr5\libgcc.a(_umulhisi3.o)
 .text.libgcc.fmul
                0x00000000        0x0 c:/program files (x86)/atmel/studio/7.0/toolchain/avr8/avr8-gnu-toolchain/bin/../lib/gcc/avr/5.4.0/avr5\libgcc.a(_umulhisi3.o)
 .text.libgcc.fixed
                0x00000000        0x0 c:/program files (x86)/atmel/studio/7.0/toolchain/avr8/avr8-gnu-toolchain/bin/../lib/gcc/avr/5.4.0/avr5\libgcc.a(_umulhisi3.o)

Memory Configuration

Name             Origin             Length             Attributes
text             0x00000000         0x00008000         xr
data             0x00800060         0x00000800         rw !x
eeprom           0x00810000         0x00000400         rw !x
fuse             0x00820000         0x00000002         rw !x
lock             0x00830000         0x00000400         rw !x
signature        0x00840000         0x00000400         rw !x
user_signatures  0x00850000         0x00000400         rw !x
*default*        0x00000000         0xffffffff

Linker script and memory map

LOAD C:/Program Files (x86)/Atmel/Studio/7.0/Packs/atmel/ATmega_DFP/1.7.374/gcc/dev/atmega32/avr5/crtatmega32.o
LOAD DIO.o
LOAD DIO_cfg.o
LOAD main.o
LOAD MOTOR.o
LOAD MOTOR_cfg.o
LOAD SERVO.o
LOAD SPI.o
LOAD SSD.o
LOAD Timers.o
LOAD WASHINGMACHINE_program.o
START GROUP
LOAD c:/program files (x86)/atmel/studio/7.0/toolchain/avr8/avr8-gnu-toolchain/bin/../lib/gcc/avr/5.4.0/../../../../avr/lib/avr5\libm.a
END GROUP
START GROUP
LOAD c:/program files (x86)/atmel/studio/7.0/toolchain/avr8/avr8-gnu-toolchain/bin/../lib/gcc/avr/5.4.0/avr5\libgcc.a
LOAD c:/program files (x86)/atmel/studio/7.0/toolchain/avr8/avr8-gnu-toolchain/bin/../lib/gcc/avr/5.4.0/../../../../avr/lib/avr5\libm.a
LOAD c:/program files (x86)/atmel/studio/7.0/toolchain/avr8/avr8-gnu-toolchain/bin/../lib/gcc/avr/5.4.0/../../../../avr/lib/avr5\libc.a
LOAD C:/Program Files (x86)/Atmel/Studio/7.0/Packs/atmel/ATmega_DFP/1.7.374/gcc/dev/atmega32/avr5\libatmega32.a
END GROUP
                0x00000000                __TEXT_REGION_ORIGIN__ = DEFINED (__TEXT_REGION_ORIGIN__)?__TEXT_REGION_ORIGIN__:0x0
                [0x00800060]                __DATA_REGION_ORIGIN__ = DEFINED (__DATA_REGION_ORIGIN__)?__DATA_REGION_ORIGIN__:0x800060
                [0x00008000]                __TEXT_REGION_LENGTH__ = DEFINED (__TEXT_REGION_LENGTH__)?__TEXT_REGION_LENGTH__:0x20000
                [0x00000800]                __DATA_REGION_LENGTH__ = DEFINED (__DATA_REGION_LENGTH__)?__DATA_REGION_LENGTH__:0xffa0
                [0x00000400]                __EEPROM_REGION_LENGTH__ = DEFINED (__EEPROM_REGION_LENGTH__)?__EEPROM_REGION_LENGTH__:0x10000
                [0x00000002]                __FUSE_REGION_LENGTH__ = DEFINED (__FUSE_REGION_LENGTH__)?__FUSE_REGION_LENGTH__:0x400
                0x00000400                __LOCK_REGION_LENGTH__ = DEFINED (__LOCK_REGION_LENGTH__)?__LOCK_REGION_LENGTH__:0x400
                0x00000400                __SIGNATURE_REGION_LENGTH__ = DEFINED (__SIGNATURE_REGION_LENGTH__)?__SIGNATURE_REGION_LENGTH__:0x400
                0x00000400                __USER_SIGNATURE_REGION_LENGTH__ = DEFINED (__USER_SIGNATURE_REGION_LENGTH__)?__USER_SIGNATURE_REGION_LENGTH__:0x400

.hash
 *(.hash)

.dynsym
 *(.dynsym)

.dynstr
 *(.dynstr)

.gnu.version
 *(.gnu.version)

.gnu.version_d
 *(.gnu.version_d)

.gnu.version_r
 *(.gnu.version_r)

.rel.init
 *(.rel.init)

.rela.init
 *(.rela.init)

.rel.text
 *(.rel.text)
 *(.rel.text.*)
 *(.rel.gnu.linkonce.t*)

.rela.text
 *(.rela.text)
 *(.rela.text.*)
 *(.rela.gnu.linkonce.t*)

.rel.fini
 *(.rel.fini)

.rela.fini
 *(.rela.fini)

.rel.rodata
 *(.rel.rodata)
 *(.rel.rodata.*)
 *(.rel.gnu.linkonce.r*)

.rela.rodata
 *(.rela.rodata)
 *(.rela.rodata.*)
 *(.rela.gnu.linkonce.r*)

.rel.data
 *(.rel.data)
 *(.rel.data.*)
 *(.rel.gnu.linkonce.d*)

.rela.data
 *(.rela.data)
 *(.rela.data.*)
 *(.rela.gnu.linkonce.d*)

.rel.ctors
 *(.rel.ctors)

.rela.ctors
 *(.rela.ctors)

.rel.dtors
 *(.rel.dtors)

.rela.dtors
 *(.rela.dtors)

.rel.got
 *(.rel.got)

.rela.got
 *(.rela.got)

.rel.bss
 *(.rel.bss)

.rela.bss
 *(.rela.bss)

.rel.plt
 *(.rel.plt)

.rela.plt
 *(.rela.plt)

.text           0x00000000      0xb16
 *(.vectors)
 .vectors       0x00000000       0x54 C:/Program Files (x86)/Atmel/Studio/7.0/Packs/atmel/ATmega_DFP/1.7.374/gcc/dev/atmega32/avr5/crtatmega32.o
                0x00000000                __vector_default
                0x00000000                __vectors
 *(.vectors)
 *(.progmem.gcc*)
                0x00000054                . = ALIGN (0x2)
                0x00000054                __trampolines_start = .
 *(.trampolines)
 .trampolines   0x00000054        0x0 linker stubs
 *(.trampolines*)
                0x00000054                __trampolines_end = .
 *libprintf_flt.a:*(.progmem.data)
 *libc.a:*(.progmem.data)
 *(.progmem*)
                0x00000054                . = ALIGN (0x2)
 *(.jumptables)
 *(.jumptables*)
 *(.lowtext)
 *(.lowtext*)
                0x00000054                __ctors_start = .
 *(.ctors)
                0x00000054                __ctors_end = .
                0x00000054                __dtors_start = .
 *(.dtors)
                0x00000054                __dtors_end = .
 SORT(*)(.ctors)
 SORT(*)(.dtors)
 *(.init0)
 .init0         0x00000054        0x0 C:/Program Files (x86)/Atmel/Studio/7.0/Packs/atmel/ATmega_DFP/1.7.374/gcc/dev/atmega32/avr5/crtatmega32.o
                0x00000054                __init
 *(.init0)
 *(.init1)
 *(.init1)
 *(.init2)
 .init2         0x00000054        0xc C:/Program Files (x86)/Atmel/Studio/7.0/Packs/atmel/ATmega_DFP/1.7.374/gcc/dev/atmega32/avr5/crtatmega32.o
 *(.init2)
 *(.init3)
 *(.init3)
 *(.init4)
 .init4         0x00000060       0x16 c:/program files (x86)/atmel/studio/7.0/toolchain/avr8/avr8-gnu-toolchain/bin/../lib/gcc/avr/5.4.0/avr5\libgcc.a(_copy_data.o)
                0x00000060                __do_copy_data
 .init4         0x00000076       0x10 c:/program files (x86)/atmel/studio/7.0/toolchain/avr8/avr8-gnu-toolchain/bin/../lib/gcc/avr/5.4.0/avr5\libgcc.a(_clear_bss.o)
                0x00000076                __do_clear_bss
 *(.init4)
 *(.init5)
 *(.init5)
 *(.init6)
 *(.init6)
 *(.init7)
 *(.init7)
 *(.init8)
 *(.init8)
 *(.init9)
 .init9         0x00000086        0x8 C:/Program Files (x86)/Atmel/Studio/7.0/Packs/atmel/ATmega_DFP/1.7.374/gcc/dev/atmega32/avr5/crtatmega32.o
 *(.init9)
 *(.text)
 .text          0x0000008e        0x4 C:/Program Files (x86)/Atmel/Studio/7.0/Packs/atmel/ATmega_DFP/1.7.374/gcc/dev/atmega32/avr5/crtatmega32.o
                0x0000008e                __vector_1
                0x0000008e                __bad_interrupt
                0x0000008e                __vector_3
                0x0000008e                __vector_11
                0x0000008e                __vector_13
                0x0000008e                __vector_17
                0x0000008e                __vector_19
                0x0000008e                __vector_5
                0x0000008e                __vector_4
                0x0000008e                __vector_2
                0x0000008e                __vector_15
                0x0000008e                __vector_14
                0x0000008e                __vector_10
                0x0000008e                __vector_16
                0x0000008e                __vector_18
                0x0000008e                __vector_20
                0x00000092                . = ALIGN (0x2)
 *(.text.*)
 .text.DIO_InitPin
                0x00000092      0x1ea DIO.o
 .text.DIO_WritePin
                0x0000027c      0x10a DIO.o
                0x0000027c                DIO_WritePin
 .text.DIO_WritePort
                0x00000386       0x20 DIO.o
                0x00000386                DIO_WritePort
 .text.DIO_Init
                0x000003a6       0x20 DIO.o
                0x000003a6                DIO_Init
 .text.main     0x000003c6        0xa main.o
                0x000003c6                main
 .text.MOTOR_Stop
                0x000003d0       0x26 MOTOR.o
                0x000003d0                MOTOR_Stop
 .text.MOTOR_Cw
                0x000003f6       0x26 MOTOR.o
                0x000003f6                MOTOR_Cw
 .text.SERVO_Init
                0x0000041c       0x10 SERVO.o
                0x0000041c                SERVO_Init
 .text.SERVO_Angle
                0x0000042c       0x22 SERVO.o
                0x0000042c                SERVO_Angle
 .text.SPI_Init
                0x0000044e        0xe SPI.o
                0x0000044e                SPI_Init
 .text.SPI_SendNoBlock
                0x0000045c        0x4 SPI.o
                0x0000045c                SPI_SendNoBlock
 .text.SPI_ReceieveNoBlock
                0x00000460        0x4 SPI.o
                0x00000460                SPI_ReceieveNoBlock
 .text.SPI_InterruptEnable
                0x00000464        0x8 SPI.o
                0x00000464                SPI_InterruptEnable
 .text.SPI_SetCallBack
                0x0000046c        0xa SPI.o
                0x0000046c                SPI_SetCallBack
 .text.__vector_12
                0x00000476       0x52 SPI.o
                0x00000476                __vector_12
 .text.SSD_voidDisplay
                0x000004c8      0x150 SSD.o
                0x000004c8                SSD_voidDisplay
 .text.Timer1_Init
                0x00000618       0xa8 Timers.o
                0x00000618                Timer1_Init
 .text.Timer1_OCRB1Mode
                0x000006c0       0x48 Timers.o
                0x000006c0                Timer1_OCRB1Mode
 .text.__vector_9
                0x00000708       0x52 Timers.o
                0x00000708                __vector_9
 .text.__vector_7
                0x0000075a       0x52 Timers.o
                0x0000075a                __vector_7
 .text.__vector_8
                0x000007ac       0x52 Timers.o
                0x000007ac                __vector_8
 .text.__vector_6
                0x000007fe       0x52 Timers.o
                0x000007fe                __vector_6
 .text.WM_Interrupt
                0x00000850       0x44 WASHINGMACHINE_program.o
 .text.WASHINGMACHINE_voidSetMode
                0x00000894       0x3e WASHINGMACHINE_program.o
 .text.WASHINGMCHINE_voidStopMode
                0x000008d2       0x22 WASHINGMACHINE_program.o
 .text.WASHINGMACHINE_voidInit
                0x000008f4       0x24 WASHINGMACHINE_program.o
                0x000008f4                WASHINGMACHINE_voidInit
 .text.WASHINGMACHINE_voidRunnable
                0x00000918      0x198 WASHINGMACHINE_program.o
                0x00000918                WASHINGMACHINE_voidRunnable
 .text.libgcc.div
                0x00000ab0       0x44 c:/program files (x86)/atmel/studio/7.0/toolchain/avr8/avr8-gnu-toolchain/bin/../lib/gcc/avr/5.4.0/avr5\libgcc.a(_udivmodsi4.o)
                0x00000ab0                __udivmodsi4
 .text.libgcc.mul
                0x00000af4       0x1e c:/program files (x86)/atmel/studio/7.0/toolchain/avr8/avr8-gnu-toolchain/bin/../lib/gcc/avr/5.4.0/avr5\libgcc.a(_umulhisi3.o)
                0x00000af4                __umulhisi3
                0x00000b12                . = ALIGN (0x2)
 *(.fini9)
 .fini9         0x00000b12        0x0 c:/program files (x86)/atmel/studio/7.0/toolchain/avr8/avr8-gnu-toolchain/bin/../lib/gcc/avr/5.4.0/avr5\libgcc.a(_exit.o)
                0x00000b12                _exit
                0x00000b12                exit
 *(.fini9)
 *(.fini8)
 *(.fini8)
 *(.fini7)
 *(.fini7)
 *(.fini6)
 *(.fini6)
 *(.fini5)
 *(.fini5)
 *(.fini4)
 *(.fini4)
 *(.fini3)
 *(.fini3)
 *(.fini2)
 *(.fini2)
 *(.fini1)
 *(.fini1)
 *(.fini0)
 .fini0         0x00000b12        0x4 c:/program files (x86)/atmel/studio/7.0/toolchain/avr8/avr8-gnu-toolchain/bin/../lib/gcc/avr/5.4.0/avr5\libgcc.a(_exit.o)
 *(.fini0)
                0x00000b16                _etext = .

.data           0x00800060       0x38 load address 0x00000b16
                0x00800060                PROVIDE (__data_start, .)
 *(.data)
 *(.data*)
 .data.MW_Min_Sec
                0x00800060        0x2 WASHINGMACHINE_program.o
 *(.gnu.linkonce.d*)
 *(.rodata)
 *(.rodata*)
 .rodata.PinStatusArray
                0x00800062       0x20 DIO_cfg.o
                0x00800062                PinStatusArray
 .rodata.MotorPinsArray
                0x00800082        0x2 MOTOR_cfg.o
                0x00800082                MotorPinsArray
 .rodata.arr    0x00800084       0x14 SSD.o
 *(.gnu.linkonce.r*)
                0x00800098                . = ALIGN (0x2)
                0x00800098                _edata = .
                0x00800098                PROVIDE (__data_end, .)

.bss            0x00800098        0xf
                0x00800098                PROVIDE (__bss_start, .)
 *(.bss)
 *(.bss*)
 .bss.SPI_Fptr  0x00800098        0x2 SPI.o
 .bss.Timer1_ICU_Fptr
                0x0080009a        0x2 Timers.o
 .bss.Timer1_OCB_Fptr
                0x0080009c        0x2 Timers.o
 .bss.Timer1_OCA_Fptr
                0x0080009e        0x2 Timers.o
 .bss.Timer1_OVF_Fptr
                0x008000a0        0x2 Timers.o
 .bss.counter.1965
                0x008000a2        0x1 WASHINGMACHINE_program.o
 .bss.WM_u8Stop
                0x008000a3        0x1 WASHINGMACHINE_program.o
                0x008000a3                WM_u8Stop
 .bss.WM_u8State
                0x008000a4        0x1 WASHINGMACHINE_program.o
                0x008000a4                WM_u8State
 *(COMMON)
 COMMON         0x008000a5        0x2 WASHINGMACHINE_program.o
                0x008000a5                WM_u8Mode
                0x008000a7                PROVIDE (__bss_end, .)
                0x00000b16                __data_load_start = LOADADDR (.data)
                0x00000b4e                __data_load_end = (__data_load_start + SIZEOF (.data))

.noinit         0x008000a7        0x0
                [!provide]                PROVIDE (__noinit_start, .)
 *(.noinit*)
                [!provide]                PROVIDE (__noinit_end, .)
                0x008000a7                _end = .
                [!provide]                PROVIDE (__heap_start, .)

.eeprom         0x00810000        0x0
 *(.eeprom*)
                0x00810000                __eeprom_end = .

.fuse
 *(.fuse)
 *(.lfuse)
 *(.hfuse)
 *(.efuse)

.lock
 *(.lock*)

.signature
 *(.signature*)

.user_signatures
 *(.user_signatures*)

.stab
 *(.stab)

.stabstr
 *(.stabstr)

.stab.excl
 *(.stab.excl)

.stab.exclstr
 *(.stab.exclstr)

.stab.index
 *(.stab.index)

.stab.indexstr
 *(.stab.indexstr)

.comment        0x00000000       0x30
 *(.comment)
 .comment       0x00000000       0x30 DIO.o
                                 0x31 (size before relaxing)
 .comment       0x00000030       0x31 DIO_cfg.o
 .comment       0x00000030       0x31 main.o
 .comment       0x00000030       0x31 MOTOR.o
 .comment       0x00000030       0x31 MOTOR_cfg.o
 .comment       0x00000030       0x31 SERVO.o
 .comment       0x00000030       0x31 SPI.o
 .comment       0x00000030       0x31 SSD.o
 .comment       0x00000030       0x31 Timers.o
 .comment       0x00000030       0x31 WASHINGMACHINE_program.o

.note.gnu.avr.deviceinfo
                0x00000000       0x3c
 .note.gnu.avr.deviceinfo
                0x00000000       0x3c C:/Program Files (x86)/Atmel/Studio/7.0/Packs/atmel/ATmega_DFP/1.7.374/gcc/dev/atmega32/avr5/crtatmega32.o

.note.gnu.build-id
 *(.note.gnu.build-id)

.debug
 *(.debug)

.line
 *(.line)

.debug_srcinfo
 *(.debug_srcinfo)

.debug_sfnames
 *(.debug_sfnames)

.debug_aranges  0x00000000      0x2a8
 *(.debug_aranges)
 .debug_aranges
                0x00000000       0x50 DIO.o
 .debug_aranges
                0x00000050       0x18 DIO_cfg.o
 .debug_aranges
                0x00000068       0x20 main.o
 .debug_aranges
                0x00000088       0x38 MOTOR.o
 .debug_aranges
                0x000000c0       0x18 MOTOR_cfg.o
 .debug_aranges
                0x000000d8       0x28 SERVO.o
 .debug_aranges
                0x00000100       0x60 SPI.o
 .debug_aranges
                0x00000160       0x20 SSD.o
 .debug_aranges
                0x00000180       0xe8 Timers.o
 .debug_aranges
                0x00000268       0x40 WASHINGMACHINE_program.o

.debug_pubnames
 *(.debug_pubnames)

.debug_info     0x00000000     0x22b3
 *(.debug_info .gnu.linkonce.wi.*)
 .debug_info    0x00000000      0x4e6 C:/Program Files (x86)/Atmel/Studio/7.0/Packs/atmel/ATmega_DFP/1.7.374/gcc/dev/atmega32/avr5/crtatmega32.o
 .debug_info    0x000004e6      0x3d8 DIO.o
 .debug_info    0x000008be      0x186 DIO_cfg.o
 .debug_info    0x00000a44       0x7d main.o
 .debug_info    0x00000ac1      0x2f9 MOTOR.o
 .debug_info    0x00000dba      0x16d MOTOR_cfg.o
 .debug_info    0x00000f27       0xfb SERVO.o
 .debug_info    0x00001022      0x1ae SPI.o
 .debug_info    0x000011d0      0x4f0 SSD.o
 .debug_info    0x000016c0      0x586 Timers.o
 .debug_info    0x00001c46      0x66d WASHINGMACHINE_program.o

.debug_abbrev   0x00000000      0xe02
 *(.debug_abbrev)
 .debug_abbrev  0x00000000      0x4a3 C:/Program Files (x86)/Atmel/Studio/7.0/Packs/atmel/ATmega_DFP/1.7.374/gcc/dev/atmega32/avr5/crtatmega32.o
 .debug_abbrev  0x000004a3      0x166 DIO.o
 .debug_abbrev  0x00000609       0x75 DIO_cfg.o
 .debug_abbrev  0x0000067e       0x5d main.o
 .debug_abbrev  0x000006db       0xf9 MOTOR.o
 .debug_abbrev  0x000007d4       0x75 MOTOR_cfg.o
 .debug_abbrev  0x00000849       0xa3 SERVO.o
 .debug_abbrev  0x000008ec       0xf6 SPI.o
 .debug_abbrev  0x000009e2      0x165 SSD.o
 .debug_abbrev  0x00000b47       0xd8 Timers.o
 .debug_abbrev  0x00000c1f      0x1e3 WASHINGMACHINE_program.o

.debug_line     0x00000000     0x11a4
 *(.debug_line .debug_line.* .debug_line_end)
 .debug_line    0x00000000      0x116 C:/Program Files (x86)/Atmel/Studio/7.0/Packs/atmel/ATmega_DFP/1.7.374/gcc/dev/atmega32/avr5/crtatmega32.o
 .debug_line    0x00000116      0x36a DIO.o
 .debug_line    0x00000480       0x3f DIO_cfg.o
 .debug_line    0x000004bf       0x65 main.o
 .debug_line    0x00000524       0xe1 MOTOR.o
 .debug_line    0x00000605       0x41 MOTOR_cfg.o
 .debug_line    0x00000646       0x74 SERVO.o
 .debug_line    0x000006ba      0x13c SPI.o
 .debug_line    0x000007f6      0x1cd SSD.o
 .debug_line    0x000009c3      0x47b Timers.o
 .debug_line    0x00000e3e      0x366 WASHINGMACHINE_program.o

.debug_frame    0x00000000      0x604
 *(.debug_frame)
 .debug_frame   0x00000000       0x8c DIO.o
 .debug_frame   0x0000008c       0x24 main.o
 .debug_frame   0x000000b0       0x78 MOTOR.o
 .debug_frame   0x00000128       0x34 SERVO.o
 .debug_frame   0x0000015c       0xec SPI.o
 .debug_frame   0x00000248       0x38 SSD.o
 .debug_frame   0x00000280      0x2d4 Timers.o
 .debug_frame   0x00000554       0xb0 WASHINGMACHINE_program.o

.debug_str      0x00000000      0xcb3
 *(.debug_str)
 .debug_str     0x00000000      0x196 C:/Program Files (x86)/Atmel/Studio/7.0/Packs/atmel/ATmega_DFP/1.7.374/gcc/dev/atmega32/avr5/crtatmega32.o
 .debug_str     0x00000196      0x2bc DIO.o
                                0x2f0 (size before relaxing)
 .debug_str     0x00000452       0x18 DIO_cfg.o
                                0x253 (size before relaxing)
 .debug_str     0x0000046a       0x45 main.o
                                0x117 (size before relaxing)
 .debug_str     0x000004af       0x63 MOTOR.o
                                0x28f (size before relaxing)
 .debug_str     0x00000512       0x11 MOTOR_cfg.o
                                0x23a (size before relaxing)
 .debug_str     0x00000523       0x7b SERVO.o
                                0x1b4 (size before relaxing)
 .debug_str     0x0000059e       0xbc SPI.o
                                0x1fa (size before relaxing)
 .debug_str     0x0000065a       0x6b SSD.o
                                0x298 (size before relaxing)
 .debug_str     0x000006c5      0x55b Timers.o
                                0x703 (size before relaxing)
 .debug_str     0x00000c20       0x93 WASHINGMACHINE_program.o
                                0x4ec (size before relaxing)

.debug_loc      0x00000000     0x13dc
 *(.debug_loc)
 .debug_loc     0x00000000      0x7ad DIO.o
 .debug_loc     0x000007ad       0xf0 MOTOR.o
 .debug_loc     0x0000089d      0x112 SPI.o
 .debug_loc     0x000009af      0x1b9 SSD.o
 .debug_loc     0x00000b68      0x5dd Timers.o
 .debug_loc     0x00001145      0x297 WASHINGMACHINE_program.o

.debug_macinfo
 *(.debug_macinfo)

.debug_weaknames
 *(.debug_weaknames)

.debug_funcnames
 *(.debug_funcnames)

.debug_typenames
 *(.debug_typenames)

.debug_varnames
 *(.debug_varnames)

.debug_pubtypes
 *(.debug_pubtypes)

.debug_ranges   0x00000000      0x1f8
 *(.debug_ranges)
 .debug_ranges  0x00000000       0x40 DIO.o
 .debug_ranges  0x00000040       0x10 main.o
 .debug_ranges  0x00000050       0x28 MOTOR.o
 .debug_ranges  0x00000078       0x18 SERVO.o
 .debug_ranges  0x00000090       0x50 SPI.o
 .debug_ranges  0x000000e0       0x10 SSD.o
 .debug_ranges  0x000000f0       0xd8 Timers.o
 .debug_ranges  0x000001c8       0x30 WASHINGMACHINE_program.o

.debug_macro
 *(.debug_macro)
OUTPUT(WashingMachineNode.elf elf32-avr)
LOAD linker stubs
